Archive member included to satisfy reference by file (symbol)

d:/msys/mingw64/bin/../lib/gcc/arm-none-eabi/12.2.0/thumb/v6-m/nofp\libgcc.a(_udivsi3.o)
                              build/system_stm32l0xx.o (__aeabi_uidiv)
d:/msys/mingw64/bin/../lib/gcc/arm-none-eabi/12.2.0/thumb/v6-m/nofp\libgcc.a(_dvmd_tls.o)
                              d:/msys/mingw64/bin/../lib/gcc/arm-none-eabi/12.2.0/thumb/v6-m/nofp\libgcc.a(_udivsi3.o) (__aeabi_idiv0)
d:/msys/mingw64/bin/../lib/gcc/arm-none-eabi/12.2.0/../../../../arm-none-eabi/lib/thumb/v6-m/nofp\libg.a(libc_a-memset.o)
                              build/tasks.o (memset)
d:/msys/mingw64/bin/../lib/gcc/arm-none-eabi/12.2.0/../../../../arm-none-eabi/lib/thumb/v6-m/nofp\libg.a(libc_a-init.o)
                              build/startup_stm32l053xx.o (__libc_init_array)
d:/msys/mingw64/bin/../lib/gcc/arm-none-eabi/12.2.0/../../../../arm-none-eabi/lib/thumb/v6-m/nofp\libg.a(libc_a-memcpy-stub.o)
                              build/queue.o (memcpy)

There are no discarded input sections

Memory Configuration

Name             Origin             Length             Attributes
FLASH            0x08000000         0x00010000         xr
RAM              0x20000000         0x00002000         xrw
*default*        0x00000000         0xffffffff

Linker script and memory map

LOAD build/startup_stm32l053xx.o
LOAD build/system_stm32l0xx.o
LOAD build/list.o
LOAD build/queue.o
LOAD build/tasks.o
LOAD build/port.o
LOAD build/portasm.o
LOAD build/heap_4.o
LOAD build/main.o
START GROUP
LOAD d:/msys/mingw64/bin/../lib/gcc/arm-none-eabi/12.2.0/thumb/v6-m/nofp\libgcc.a
LOAD d:/msys/mingw64/bin/../lib/gcc/arm-none-eabi/12.2.0/../../../../arm-none-eabi/lib/thumb/v6-m/nofp\libg.a
LOAD d:/msys/mingw64/bin/../lib/gcc/arm-none-eabi/12.2.0/../../../../arm-none-eabi/lib/thumb/v6-m/nofp\libc.a
END GROUP
                0x20002000                        _estack = (ORIGIN (RAM) + LENGTH (RAM))

.isr_vector     0x08000000       0xc0
                0x08000000                        . = ALIGN (0x4)
 *(.isr_vector)
 .isr_vector    0x08000000       0xc0 build/startup_stm32l053xx.o
                0x08000000                g_pfnVectors
                0x080000c0                        . = ALIGN (0x4)

.text           0x080000c0     0x38f0
                0x080000c0                        . = ALIGN (0x4)
 *(.text*)
 .text          0x080000c0       0x14 build/startup_stm32l053xx.o
 .text.Reset_Handler
                0x080000d4       0x54 build/startup_stm32l053xx.o
                0x080000d4                Reset_Handler
 .text.Default_Handler
                0x08000128        0x2 build/startup_stm32l053xx.o
                0x08000128                TSC_IRQHandler
                0x08000128                HardFault_Handler
                0x08000128                ADC1_COMP_IRQHandler
                0x08000128                PVD_IRQHandler
                0x08000128                NMI_Handler
                0x08000128                I2C1_IRQHandler
                0x08000128                RCC_CRS_IRQHandler
                0x08000128                SPI1_IRQHandler
                0x08000128                TIM6_DAC_IRQHandler
                0x08000128                EXTI2_3_IRQHandler
                0x08000128                I2C2_IRQHandler
                0x08000128                RTC_IRQHandler
                0x08000128                LCD_IRQHandler
                0x08000128                DMA1_Channel4_5_6_7_IRQHandler
                0x08000128                EXTI4_15_IRQHandler
                0x08000128                DMA1_Channel1_IRQHandler
                0x08000128                Default_Handler
                0x08000128                TIM22_IRQHandler
                0x08000128                EXTI0_1_IRQHandler
                0x08000128                USB_IRQHandler
                0x08000128                SPI2_IRQHandler
                0x08000128                TIM21_IRQHandler
                0x08000128                WWDG_IRQHandler
                0x08000128                TIM2_IRQHandler
                0x08000128                DMA1_Channel2_3_IRQHandler
                0x08000128                USART2_IRQHandler
                0x08000128                FLASH_IRQHandler
                0x08000128                USART1_IRQHandler
                0x08000128                RNG_LPUART1_IRQHandler
                0x08000128                LPTIM1_IRQHandler
 *fill*         0x0800012a        0x2 
 .text          0x0800012c      0x178 build/system_stm32l0xx.o
                0x0800012c                SystemInit
                0x08000136                SystemCoreClockUpdate
 .text          0x080002a4      0x152 build/list.o
                0x080002a4                vListInitialise
                0x080002e0                vListInitialiseItem
                0x080002f6                vListInsertEnd
                0x0800033a                vListInsert
                0x080003a6                uxListRemove
 .text          0x080003f6      0xe4c build/queue.o
                0x080003f6                xQueueGenericReset
                0x0800050c                xQueueGenericCreate
                0x0800060e                xQueueGenericSend
                0x08000780                xQueueGenericSendFromISR
                0x08000894                xQueueGiveFromISR
                0x0800098a                xQueueReceive
                0x08000adc                xQueueSemaphoreTake
                0x08000c10                xQueuePeek
                0x08000d66                xQueueReceiveFromISR
                0x08000e56                xQueuePeekFromISR
                0x08000ee0                uxQueueMessagesWaiting
                0x08000f0c                uxQueueSpacesAvailable
                0x08000f42                uxQueueMessagesWaitingFromISR
                0x08000f6a                vQueueDelete
                0x08000f92                uxQueueGetQueueItemSize
                0x08000fa6                uxQueueGetQueueLength
                0x080011a6                xQueueIsQueueEmptyFromISR
                0x0800120a                xQueueIsQueueFullFromISR
 *fill*         0x08001242        0x2 
 .text          0x08001244     0x1a4c build/tasks.o
                0x080012c6                xTaskCreate
                0x08001518                vTaskDelay
                0x080015fc                vTaskStartScheduler
                0x08001654                vTaskEndScheduler
                0x08001670                vTaskSuspendAll
                0x08001688                xTaskResumeAll
                0x08001874                xTaskGetTickCount
                0x08001890                xTaskGetTickCountFromISR
                0x080018b0                uxTaskGetNumberOfTasks
                0x080018c4                pcTaskGetName
                0x080018f8                xTaskCatchUpTicks
                0x08001940                xTaskIncrementTick
                0x08001b5c                vTaskSwitchContext
                0x08001c04                vTaskPlaceOnEventList
                0x08001c44                vTaskPlaceOnUnorderedEventList
                0x08001cd4                xTaskRemoveFromEventList
                0x08001e70                vTaskRemoveFromUnorderedEventList
                0x08001fd0                vTaskSetTimeOutState
                0x0800200c                vTaskInternalSetTimeOutState
                0x08002034                xTaskCheckForTimeOut
                0x080020d0                vTaskMissedYield
                0x080021b0                xTaskGetCurrentTaskHandle
                0x080021cc                xTaskGetCurrentTaskHandleForCore
                0x080021f8                uxTaskResetEventItemValue
                0x08002224                ulTaskGenericNotifyTake
                0x08002310                xTaskGenericNotifyWait
                0x08002434                xTaskGenericNotify
                0x08002648                xTaskGenericNotifyFromISR
                0x080028c4                vTaskGenericNotifyGiveFromISR
                0x08002a94                xTaskGenericNotifyStateClear
                0x08002afc                ulTaskGenericNotifyValueClear
                0x08002bfc                vTaskResetState
 .text          0x08002c90      0x344 build/port.o
                0x08002c90                vPortSetupTimerInterrupt
                0x08002d04                vPortYield
                0x08002d24                vPortEnterCritical
                0x08002d48                vPortExitCritical
                0x08002d78                SysTick_Handler
                0x08002dac                vPortSVCHandler_C
                0x08002de4                pxPortInitialiseStack
                0x08002f00                xPortStartScheduler
                0x08002f8c                vPortEndScheduler
                0x08002fac                xPortIsInsideInterrupt
 *fill*         0x08002fd4        0xc 
 .text          0x08002fe0      0x108 build/portasm.o
                0x08002fe0                vRestoreContextOfFirstTask
                0x08003002                xIsPrivileged
                0x08003024                vRaisePrivilege
                0x08003034                vResetPrivilege
                0x08003044                vStartFirstTask
                0x08003062                ulSetInterruptMask
                0x0800306e                vClearInterruptMask
                0x08003076                PendSV_Handler
                0x080030c2                SVC_Handler
 .text          0x080030e8      0x5d4 build/heap_4.o
                0x080030e8                pvPortMalloc
                0x080032dc                vPortFree
                0x080033a0                xPortGetFreeHeapSize
                0x080033b4                xPortGetMinimumEverFreeHeapSize
                0x080033c8                vPortInitialiseBlocks
                0x080033d2                pvPortCalloc
                0x080035c4                vPortGetHeapStats
                0x08003680                vPortHeapResetState
 .text          0x080036bc       0xe4 build/main.o
                0x080036bc                _init
                0x080036c6                Task1
                0x080036e8                Task2
                0x0800370a                main
 .text          0x080037a0       0x8c d:/msys/mingw64/bin/../lib/gcc/arm-none-eabi/12.2.0/thumb/v6-m/nofp\libgcc.a(_udivsi3.o)
                0x080037a0                __aeabi_uidiv
                0x080037a0                __udivsi3
                0x08003818                __aeabi_uidivmod
 .text          0x0800382c        0x4 d:/msys/mingw64/bin/../lib/gcc/arm-none-eabi/12.2.0/thumb/v6-m/nofp\libgcc.a(_dvmd_tls.o)
                0x0800382c                __aeabi_idiv0
                0x0800382c                __aeabi_ldiv0
 .text          0x08003830       0xa8 d:/msys/mingw64/bin/../lib/gcc/arm-none-eabi/12.2.0/../../../../arm-none-eabi/lib/thumb/v6-m/nofp\libg.a(libc_a-memset.o)
                0x08003830                memset
 .text          0x080038d8       0x48 d:/msys/mingw64/bin/../lib/gcc/arm-none-eabi/12.2.0/../../../../arm-none-eabi/lib/thumb/v6-m/nofp\libg.a(libc_a-init.o)
                0x080038d8                __libc_init_array
 .text          0x08003920       0x90 d:/msys/mingw64/bin/../lib/gcc/arm-none-eabi/12.2.0/../../../../arm-none-eabi/lib/thumb/v6-m/nofp\libg.a(libc_a-memcpy-stub.o)
                0x08003920                memcpy
                0x080039b0                        . = ALIGN (0x4)

.glue_7         0x080039b0        0x0
 .glue_7        0x080039b0        0x0 linker stubs

.glue_7t        0x080039b0        0x0
 .glue_7t       0x080039b0        0x0 linker stubs

.vfp11_veneer   0x080039b0        0x0
 .vfp11_veneer  0x080039b0        0x0 linker stubs

.v4_bx          0x080039b0        0x0
 .v4_bx         0x080039b0        0x0 linker stubs

.iplt           0x080039b0        0x0
 .iplt          0x080039b0        0x0 build/startup_stm32l053xx.o

.rodata         0x080039b0       0x68
                0x080039b0                        . = ALIGN (0x4)
 *(.rodata*)
 .rodata        0x080039b0       0x21 build/system_stm32l0xx.o
                0x080039b0                AHBPrescTable
                0x080039c0                APBPrescTable
                0x080039c8                PLLMulTable
 *fill*         0x080039d1        0x3 
 .rodata        0x080039d4       0x30 build/tasks.o
 .rodata        0x08003a04        0x4 build/heap_4.o
 .rodata        0x08003a08        0xd build/main.o
                0x08003a18                        . = ALIGN (0x4)
 *fill*         0x08003a15        0x3 
                0x08003a18                        _sidata = .

.rel.dyn        0x08003a18        0x0
 .rel.iplt      0x08003a18        0x0 build/startup_stm32l053xx.o

.data           0x20000000        0xc load address 0x08003a18
                0x20000000                        . = ALIGN (0x4)
                0x20000000                        _sdata = .
 *(.data*)
 .data          0x20000000        0x0 build/startup_stm32l053xx.o
 .data          0x20000000        0x4 build/system_stm32l0xx.o
                0x20000000                SystemCoreClock
 .data          0x20000004        0x0 build/list.o
 .data          0x20000004        0x0 build/queue.o
 .data          0x20000004        0x4 build/tasks.o
 .data          0x20000008        0x4 build/port.o
 .data          0x2000000c        0x0 build/portasm.o
 .data          0x2000000c        0x0 build/heap_4.o
 .data          0x2000000c        0x0 build/main.o
 .data          0x2000000c        0x0 d:/msys/mingw64/bin/../lib/gcc/arm-none-eabi/12.2.0/thumb/v6-m/nofp\libgcc.a(_udivsi3.o)
 .data          0x2000000c        0x0 d:/msys/mingw64/bin/../lib/gcc/arm-none-eabi/12.2.0/thumb/v6-m/nofp\libgcc.a(_dvmd_tls.o)
 .data          0x2000000c        0x0 d:/msys/mingw64/bin/../lib/gcc/arm-none-eabi/12.2.0/../../../../arm-none-eabi/lib/thumb/v6-m/nofp\libg.a(libc_a-memset.o)
 .data          0x2000000c        0x0 d:/msys/mingw64/bin/../lib/gcc/arm-none-eabi/12.2.0/../../../../arm-none-eabi/lib/thumb/v6-m/nofp\libg.a(libc_a-init.o)
 .data          0x2000000c        0x0 d:/msys/mingw64/bin/../lib/gcc/arm-none-eabi/12.2.0/../../../../arm-none-eabi/lib/thumb/v6-m/nofp\libg.a(libc_a-memcpy-stub.o)
                0x2000000c                        _edata = .
                0x2000000c                        . = ALIGN (0x4)

.igot.plt       0x2000000c        0x0 load address 0x08003a24
 .igot.plt      0x2000000c        0x0 build/startup_stm32l053xx.o

.bss            0x2000000c     0x10f4 load address 0x08003a24
                0x2000000c                        . = ALIGN (0x4)
                0x2000000c                        _sbss = .
 *(.bss*)
 .bss           0x2000000c        0x0 build/startup_stm32l053xx.o
 .bss           0x2000000c        0x0 build/system_stm32l0xx.o
 .bss           0x2000000c        0x0 build/list.o
 .bss           0x2000000c        0x0 build/queue.o
 .bss           0x2000000c       0xd8 build/tasks.o
                0x2000000c                pxCurrentTCB
 .bss           0x200000e4        0x0 build/port.o
 .bss           0x200000e4        0x0 build/portasm.o
 .bss           0x200000e4     0x101c build/heap_4.o
 .bss           0x20001100        0x0 build/main.o
 .bss           0x20001100        0x0 d:/msys/mingw64/bin/../lib/gcc/arm-none-eabi/12.2.0/thumb/v6-m/nofp\libgcc.a(_udivsi3.o)
 .bss           0x20001100        0x0 d:/msys/mingw64/bin/../lib/gcc/arm-none-eabi/12.2.0/thumb/v6-m/nofp\libgcc.a(_dvmd_tls.o)
 .bss           0x20001100        0x0 d:/msys/mingw64/bin/../lib/gcc/arm-none-eabi/12.2.0/../../../../arm-none-eabi/lib/thumb/v6-m/nofp\libg.a(libc_a-memset.o)
 .bss           0x20001100        0x0 d:/msys/mingw64/bin/../lib/gcc/arm-none-eabi/12.2.0/../../../../arm-none-eabi/lib/thumb/v6-m/nofp\libg.a(libc_a-init.o)
 .bss           0x20001100        0x0 d:/msys/mingw64/bin/../lib/gcc/arm-none-eabi/12.2.0/../../../../arm-none-eabi/lib/thumb/v6-m/nofp\libg.a(libc_a-memcpy-stub.o)
 *(COMMON)
                0x20001100                        _ebss = .
                0x20001100                        . = ALIGN (0x4)
OUTPUT(build/stm32_project.elf elf32-littlearm)
LOAD linker stubs

.ARM.attributes
                0x00000000       0x2e
 .ARM.attributes
                0x00000000       0x22 build/startup_stm32l053xx.o
 .ARM.attributes
                0x00000022       0x2c build/system_stm32l0xx.o
 .ARM.attributes
                0x0000004e       0x2c build/list.o
 .ARM.attributes
                0x0000007a       0x2c build/queue.o
 .ARM.attributes
                0x000000a6       0x2c build/tasks.o
 .ARM.attributes
                0x000000d2       0x2c build/port.o
 .ARM.attributes
                0x000000fe       0x2c build/portasm.o
 .ARM.attributes
                0x0000012a       0x2c build/heap_4.o
 .ARM.attributes
                0x00000156       0x2c build/main.o
 .ARM.attributes
                0x00000182       0x1e d:/msys/mingw64/bin/../lib/gcc/arm-none-eabi/12.2.0/thumb/v6-m/nofp\libgcc.a(_udivsi3.o)
 .ARM.attributes
                0x000001a0       0x1e d:/msys/mingw64/bin/../lib/gcc/arm-none-eabi/12.2.0/thumb/v6-m/nofp\libgcc.a(_dvmd_tls.o)
 .ARM.attributes
                0x000001be       0x2c d:/msys/mingw64/bin/../lib/gcc/arm-none-eabi/12.2.0/../../../../arm-none-eabi/lib/thumb/v6-m/nofp\libg.a(libc_a-memset.o)
 .ARM.attributes
                0x000001ea       0x2c d:/msys/mingw64/bin/../lib/gcc/arm-none-eabi/12.2.0/../../../../arm-none-eabi/lib/thumb/v6-m/nofp\libg.a(libc_a-init.o)
 .ARM.attributes
                0x00000216       0x2c d:/msys/mingw64/bin/../lib/gcc/arm-none-eabi/12.2.0/../../../../arm-none-eabi/lib/thumb/v6-m/nofp\libg.a(libc_a-memcpy-stub.o)

.comment        0x00000000       0x12
 .comment       0x00000000       0x12 build/system_stm32l0xx.o
                                 0x13 (size before relaxing)
 .comment       0x00000012       0x13 build/list.o
 .comment       0x00000012       0x13 build/queue.o
 .comment       0x00000012       0x13 build/tasks.o
 .comment       0x00000012       0x13 build/port.o
 .comment       0x00000012       0x13 build/portasm.o
 .comment       0x00000012       0x13 build/heap_4.o
 .comment       0x00000012       0x13 build/main.o
 .comment       0x00000012       0x13 d:/msys/mingw64/bin/../lib/gcc/arm-none-eabi/12.2.0/../../../../arm-none-eabi/lib/thumb/v6-m/nofp\libg.a(libc_a-memset.o)
 .comment       0x00000012       0x13 d:/msys/mingw64/bin/../lib/gcc/arm-none-eabi/12.2.0/../../../../arm-none-eabi/lib/thumb/v6-m/nofp\libg.a(libc_a-init.o)
 .comment       0x00000012       0x13 d:/msys/mingw64/bin/../lib/gcc/arm-none-eabi/12.2.0/../../../../arm-none-eabi/lib/thumb/v6-m/nofp\libg.a(libc_a-memcpy-stub.o)

.debug_info     0x00000000     0x399c
 .debug_info    0x00000000      0x2c5 build/system_stm32l0xx.o
 .debug_info    0x000002c5      0x2a6 build/list.o
 .debug_info    0x0000056b      0xe56 build/queue.o
 .debug_info    0x000013c1     0x151b build/tasks.o
 .debug_info    0x000028dc      0x317 build/port.o
 .debug_info    0x00002bf3      0x14f build/portasm.o
 .debug_info    0x00002d42      0x4a5 build/heap_4.o
 .debug_info    0x000031e7      0x3a6 build/main.o
 .debug_info    0x0000358d       0x44 d:/msys/mingw64/bin/../lib/gcc/arm-none-eabi/12.2.0/thumb/v6-m/nofp\libgcc.a(_udivsi3.o)
 .debug_info    0x000035d1       0x39 d:/msys/mingw64/bin/../lib/gcc/arm-none-eabi/12.2.0/thumb/v6-m/nofp\libgcc.a(_dvmd_tls.o)
 .debug_info    0x0000360a      0x135 d:/msys/mingw64/bin/../lib/gcc/arm-none-eabi/12.2.0/../../../../arm-none-eabi/lib/thumb/v6-m/nofp\libg.a(libc_a-memset.o)
 .debug_info    0x0000373f      0x10b d:/msys/mingw64/bin/../lib/gcc/arm-none-eabi/12.2.0/../../../../arm-none-eabi/lib/thumb/v6-m/nofp\libg.a(libc_a-init.o)
 .debug_info    0x0000384a      0x152 d:/msys/mingw64/bin/../lib/gcc/arm-none-eabi/12.2.0/../../../../arm-none-eabi/lib/thumb/v6-m/nofp\libg.a(libc_a-memcpy-stub.o)

.debug_abbrev   0x00000000      0xfa6
 .debug_abbrev  0x00000000      0x11a build/system_stm32l0xx.o
 .debug_abbrev  0x0000011a       0xec build/list.o
 .debug_abbrev  0x00000206      0x252 build/queue.o
 .debug_abbrev  0x00000458      0x2f3 build/tasks.o
 .debug_abbrev  0x0000074b      0x1bb build/port.o
 .debug_abbrev  0x00000906       0xb6 build/portasm.o
 .debug_abbrev  0x000009bc      0x1f3 build/heap_4.o
 .debug_abbrev  0x00000baf      0x16d build/main.o
 .debug_abbrev  0x00000d1c       0x21 d:/msys/mingw64/bin/../lib/gcc/arm-none-eabi/12.2.0/thumb/v6-m/nofp\libgcc.a(_udivsi3.o)
 .debug_abbrev  0x00000d3d       0x1f d:/msys/mingw64/bin/../lib/gcc/arm-none-eabi/12.2.0/thumb/v6-m/nofp\libgcc.a(_dvmd_tls.o)
 .debug_abbrev  0x00000d5c       0xb7 d:/msys/mingw64/bin/../lib/gcc/arm-none-eabi/12.2.0/../../../../arm-none-eabi/lib/thumb/v6-m/nofp\libg.a(libc_a-memset.o)
 .debug_abbrev  0x00000e13       0xc9 d:/msys/mingw64/bin/../lib/gcc/arm-none-eabi/12.2.0/../../../../arm-none-eabi/lib/thumb/v6-m/nofp\libg.a(libc_a-init.o)
 .debug_abbrev  0x00000edc       0xca d:/msys/mingw64/bin/../lib/gcc/arm-none-eabi/12.2.0/../../../../arm-none-eabi/lib/thumb/v6-m/nofp\libg.a(libc_a-memcpy-stub.o)

.debug_aranges  0x00000000      0x1a0
 .debug_aranges
                0x00000000       0x20 build/system_stm32l0xx.o
 .debug_aranges
                0x00000020       0x20 build/list.o
 .debug_aranges
                0x00000040       0x20 build/queue.o
 .debug_aranges
                0x00000060       0x20 build/tasks.o
 .debug_aranges
                0x00000080       0x20 build/port.o
 .debug_aranges
                0x000000a0       0x20 build/portasm.o
 .debug_aranges
                0x000000c0       0x20 build/heap_4.o
 .debug_aranges
                0x000000e0       0x20 build/main.o
 .debug_aranges
                0x00000100       0x20 d:/msys/mingw64/bin/../lib/gcc/arm-none-eabi/12.2.0/thumb/v6-m/nofp\libgcc.a(_udivsi3.o)
 .debug_aranges
                0x00000120       0x20 d:/msys/mingw64/bin/../lib/gcc/arm-none-eabi/12.2.0/thumb/v6-m/nofp\libgcc.a(_dvmd_tls.o)
 .debug_aranges
                0x00000140       0x20 d:/msys/mingw64/bin/../lib/gcc/arm-none-eabi/12.2.0/../../../../arm-none-eabi/lib/thumb/v6-m/nofp\libg.a(libc_a-memset.o)
 .debug_aranges
                0x00000160       0x20 d:/msys/mingw64/bin/../lib/gcc/arm-none-eabi/12.2.0/../../../../arm-none-eabi/lib/thumb/v6-m/nofp\libg.a(libc_a-init.o)
 .debug_aranges
                0x00000180       0x20 d:/msys/mingw64/bin/../lib/gcc/arm-none-eabi/12.2.0/../../../../arm-none-eabi/lib/thumb/v6-m/nofp\libg.a(libc_a-memcpy-stub.o)

.debug_line     0x00000000     0x2a72
 .debug_line    0x00000000      0x1a4 build/system_stm32l0xx.o
 .debug_line    0x000001a4      0x1d3 build/list.o
 .debug_line    0x00000377      0xa1c build/queue.o
 .debug_line    0x00000d93      0xc93 build/tasks.o
 .debug_line    0x00001a26      0x2cc build/port.o
 .debug_line    0x00001cf2      0x13c build/portasm.o
 .debug_line    0x00001e2e      0x508 build/heap_4.o
 .debug_line    0x00002336      0x190 build/main.o
 .debug_line    0x000024c6       0x61 d:/msys/mingw64/bin/../lib/gcc/arm-none-eabi/12.2.0/thumb/v6-m/nofp\libgcc.a(_udivsi3.o)
 .debug_line    0x00002527       0x4a d:/msys/mingw64/bin/../lib/gcc/arm-none-eabi/12.2.0/thumb/v6-m/nofp\libgcc.a(_dvmd_tls.o)
 .debug_line    0x00002571      0x1e0 d:/msys/mingw64/bin/../lib/gcc/arm-none-eabi/12.2.0/../../../../arm-none-eabi/lib/thumb/v6-m/nofp\libg.a(libc_a-memset.o)
 .debug_line    0x00002751      0x12b d:/msys/mingw64/bin/../lib/gcc/arm-none-eabi/12.2.0/../../../../arm-none-eabi/lib/thumb/v6-m/nofp\libg.a(libc_a-init.o)
 .debug_line    0x0000287c      0x1f6 d:/msys/mingw64/bin/../lib/gcc/arm-none-eabi/12.2.0/../../../../arm-none-eabi/lib/thumb/v6-m/nofp\libg.a(libc_a-memcpy-stub.o)

.debug_str      0x00000000     0x1943
 .debug_str     0x00000000     0x1943 build/system_stm32l0xx.o
                                0x245 (size before relaxing)
 .debug_str     0x00001943      0x26a build/list.o
 .debug_str     0x00001943      0x7da build/queue.o
 .debug_str     0x00001943      0xc63 build/tasks.o
 .debug_str     0x00001943      0x38e build/port.o
 .debug_str     0x00001943      0x1eb build/portasm.o
 .debug_str     0x00001943      0x49f build/heap_4.o
 .debug_str     0x00001943      0x2b1 build/main.o
 .debug_str     0x00001943       0xdd d:/msys/mingw64/bin/../lib/gcc/arm-none-eabi/12.2.0/thumb/v6-m/nofp\libgcc.a(_udivsi3.o)
 .debug_str     0x00001943       0xd0 d:/msys/mingw64/bin/../lib/gcc/arm-none-eabi/12.2.0/thumb/v6-m/nofp\libgcc.a(_dvmd_tls.o)
 .debug_str     0x00001943      0x18f d:/msys/mingw64/bin/../lib/gcc/arm-none-eabi/12.2.0/../../../../arm-none-eabi/lib/thumb/v6-m/nofp\libg.a(libc_a-memset.o)
 .debug_str     0x00001943      0x1dc d:/msys/mingw64/bin/../lib/gcc/arm-none-eabi/12.2.0/../../../../arm-none-eabi/lib/thumb/v6-m/nofp\libg.a(libc_a-init.o)
 .debug_str     0x00001943      0x1ac d:/msys/mingw64/bin/../lib/gcc/arm-none-eabi/12.2.0/../../../../arm-none-eabi/lib/thumb/v6-m/nofp\libg.a(libc_a-memcpy-stub.o)

.debug_frame    0x00000000      0xda0
 .debug_frame   0x00000000       0x4c build/system_stm32l0xx.o
 .debug_frame   0x0000004c       0xb0 build/list.o
 .debug_frame   0x000000fc      0x318 build/queue.o
 .debug_frame   0x00000414      0x518 build/tasks.o
 .debug_frame   0x0000092c      0x15c build/port.o
 .debug_frame   0x00000a88       0xa0 build/portasm.o
 .debug_frame   0x00000b28      0x140 build/heap_4.o
 .debug_frame   0x00000c68       0x8c build/main.o
 .debug_frame   0x00000cf4       0x20 d:/msys/mingw64/bin/../lib/gcc/arm-none-eabi/12.2.0/thumb/v6-m/nofp\libgcc.a(_udivsi3.o)
 .debug_frame   0x00000d14       0x30 d:/msys/mingw64/bin/../lib/gcc/arm-none-eabi/12.2.0/../../../../arm-none-eabi/lib/thumb/v6-m/nofp\libg.a(libc_a-memset.o)
 .debug_frame   0x00000d44       0x2c d:/msys/mingw64/bin/../lib/gcc/arm-none-eabi/12.2.0/../../../../arm-none-eabi/lib/thumb/v6-m/nofp\libg.a(libc_a-init.o)
 .debug_frame   0x00000d70       0x30 d:/msys/mingw64/bin/../lib/gcc/arm-none-eabi/12.2.0/../../../../arm-none-eabi/lib/thumb/v6-m/nofp\libg.a(libc_a-memcpy-stub.o)

.debug_line_str
                0x00000000       0xa8
 .debug_line_str
                0x00000000       0xa8 d:/msys/mingw64/bin/../lib/gcc/arm-none-eabi/12.2.0/thumb/v6-m/nofp\libgcc.a(_udivsi3.o)
 .debug_line_str
                0x000000a8       0xa8 d:/msys/mingw64/bin/../lib/gcc/arm-none-eabi/12.2.0/thumb/v6-m/nofp\libgcc.a(_dvmd_tls.o)

.debug_loclists
                0x00000000      0x4b7
 .debug_loclists
                0x00000000      0x1ba d:/msys/mingw64/bin/../lib/gcc/arm-none-eabi/12.2.0/../../../../arm-none-eabi/lib/thumb/v6-m/nofp\libg.a(libc_a-memset.o)
 .debug_loclists
                0x000001ba       0x5a d:/msys/mingw64/bin/../lib/gcc/arm-none-eabi/12.2.0/../../../../arm-none-eabi/lib/thumb/v6-m/nofp\libg.a(libc_a-init.o)
 .debug_loclists
                0x00000214      0x2a3 d:/msys/mingw64/bin/../lib/gcc/arm-none-eabi/12.2.0/../../../../arm-none-eabi/lib/thumb/v6-m/nofp\libg.a(libc_a-memcpy-stub.o)
